<!DOCTYPE html>
<html>
    <head>
        <meta charset="UTF-8">
		<link type="text/css" rel="stylesheet" href="stylesheet.css">
    </head>
    <body class="textWrap">
<div class="textWrap">
<table cellspacing="0" cellpadding="0" class="sourceTable">
<tr><td class="src"><pre class="src"><span class="keyword">package</span> integration;</pre></td></tr>
<tr><td class="src"><pre class="src"></pre></td></tr>
<tr><td class="src"><pre class="src"><span class="comment">/**</span></pre></td></tr>
<tr><td class="src"><pre class="src"><span class="comment"> * This is just a basic javadoc</span></pre></td></tr>
<tr><td class="src"><pre class="src"><span class="comment"> * No keywords like int, if etc. should be highlighted here</span></pre></td></tr>
<tr><td class="src"><pre class="src"><span class="comment"> */</span></pre></td></tr>
<tr><td class="src"><pre class="src"><span class="keyword">public</span> <span class="keyword">class</span> MultilineComments {</pre></td></tr>
<tr><td class="src"><pre class="src"></pre></td></tr>
<tr><td class="src"><pre class="src">    <span class="comment">/** Singleline javadocs also exist */</span></pre></td></tr>
<tr><td class="src"><pre class="src">    <span class="keyword">public</span> <span class="comment">/*Comments can be in the strangest places*/</span> <span class="keyword">void</span> method() {</pre></td></tr>
<tr><td class="src"><pre class="src">        String thingsCanGetWildWhenMixingStringsAndComments</pre></td></tr>
<tr><td class="src"><pre class="src">                = <span class="String">"Quotation  /* comment inside"</span> +<span class="comment">/*Commentception*/</span> <span class="String">" the string */ "</span> +<span class="comment">/*</span></pre></td></tr>
<tr><td class="src"><pre class="src"><span class="comment">                 comments here</span></pre></td></tr>
<tr><td class="src"><pre class="src"><span class="comment">                 // more comments*/</span> <span class="String">"and some more string"</span>;<span class="comment">//no more</span></pre></td></tr>
<tr><td class="src"><pre class="src"></pre></td></tr>
<tr><td class="src"><pre class="src">    }</pre></td></tr>
<tr><td class="src"><pre class="src"></pre></td></tr>
<tr><td class="src"><pre class="src">}</pre></td></tr>
</table>
</div>
    </body>
</html>
