<!DOCTYPE html>
<html>
    <head>
        <meta charset="UTF-8">
		<link type="text/css" rel="stylesheet" href="stylesheet.css">
    </head>
    <body class="textWrap">
<div class="textWrap">
<table cellspacing="0" cellpadding="0" class="sourceTable">
<tr><td class="src"><pre class="src"><span class="keyword">package</span> integration;</pre></td></tr>
<tr><td class="src"><pre class="src"></pre></td></tr>
<tr><td class="src"><pre class="src"><span class="keyword">public</span> <span class="keyword">class</span> NoComments {</pre></td></tr>
<tr><td class="src"><pre class="src"></pre></td></tr>
<tr><td class="src"><pre class="src">    <span class="keyword">public</span> <span class="keyword">void</span> method(<span class="keyword">int</span> parameter) {</pre></td></tr>
<tr><td class="src"><pre class="src">        String string = <span class="String">"some string &amp char which needs excaping"</span>;</pre></td></tr>
<tr><td class="src"><pre class="src">        <span class="keyword">if</span> (10 &gt 5 || <span class="keyword">true</span> &amp&amp <span class="keyword">false</span>) {</pre></td></tr>
<tr><td class="src"><pre class="src">            System.out.println(<span class="String">"The &gt also needs escaping"</span>);</pre></td></tr>
<tr><td class="src"><pre class="src">        }</pre></td></tr>
<tr><td class="src"><pre class="src">        <span class="keyword">int</span> isAKeywod;</pre></td></tr>
<tr><td class="src"><pre class="src">        <span class="keyword">double</span> isAlsoAKeyword;</pre></td></tr>
<tr><td class="src"><pre class="src">        Object isNotAKeyword;</pre></td></tr>
<tr><td class="src"><pre class="src">        <span class="keyword">char</span> thisShouldBeHighlighted = <span class="char">'x'</span>;</pre></td></tr>
<tr><td class="src"><pre class="src">        <span class="keyword">char</span> charIsNotKeywordIfDirectlyFollowedByMoreText;</pre></td></tr>
<tr><td class="src"><pre class="src">        String quotesCanBeEscaped = <span class="String">"doesnt end the string \" see"</span>;</pre></td></tr>
<tr><td class="src"><pre class="src">        String escapesCanBeEscapedToo = <span class="String">"ends the string \\"</span>;</pre></td></tr>
<tr><td class="src"><pre class="src">        String charQuotesAreNotSpecialIfInString = <span class="String">" quotes 'a' are just regular chars"</span>;</pre></td></tr>
<tr><td class="src"><pre class="src">        <span class="keyword">char</span> sameGoesForDoubleQuotesAndChars = <span class="char">'"'</span>;</pre></td></tr>
<tr><td class="src"><pre class="src">        <span class="keyword">char</span> cahrQuotesCanBeEscaped = <span class="char">'\''</span>;</pre></td></tr>
<tr><td class="src"><pre class="src">        <span class="keyword">char</span> thereAreAlsoUnicodeEscapes = <span class="char">'\u03A9'</span>;</pre></td></tr>
<tr><td class="src"><pre class="src">        <span class="keyword">char</span> andEscapes = <span class="char">'\n'</span>;</pre></td></tr>
<tr><td class="src"><pre class="src">        <span class="keyword">char</span> andEscapedEscapes = <span class="char">'\\'</span>;</pre></td></tr>
<tr><td class="src"><pre class="src">        String commentSlashesAreIgnoredInStringLiterals = <span class="String">"both these // and these /* foo */ "</span>;</pre></td></tr>
<tr><td class="src"><pre class="src">    }</pre></td></tr>
<tr><td class="src"><pre class="src"></pre></td></tr>
<tr><td class="src"><pre class="src">}</pre></td></tr>
</table>
</div>
    </body>
</html>
